downloading uv 0.12.23 x86_64-unknown-linux-gnu
Using CPython 3.12.3 interpreter at: /usr/bin/python3.12
Creating virtual environment at: .venv
Resolved 56 packages in 4ms
Downloading pygments (1.2MiB)
Downloading nvidia-cusparselt-cu12 (273.9MiB)
Downloading numpy (15.8MiB)
Downloading sympy (6.0MiB)
Downloading networkx (2.0MiB)
Downloading pillow (6.7MiB)
Downloading hf-xet (4.0MiB)
Downloading torchvision (7.7MiB)
Downloading nvidia-nccl-cu12 (283.0MiB)
Downloading triton (179.6MiB)
Downloading torch (782.3MiB)
Downloading nvidia-cudnn-cu12 (627.4MiB)
Downloading nvidia-nvshmem-cu12 (132.7MiB)
Downloading nvidia-cufft-cu12 (184.2MiB)
Downloading nvidia-cublas-cu12 (566.8MiB)
Downloading nvidia-cuda-cupti-cu12 (9.8MiB)
Downloading nvidia-curand-cu12 (60.7MiB)
Downloading nvidia-cufile-cu12 (1.1MiB)
Downloading nvidia-cusolver-cu12 (255.1MiB)
Downloading nvidia-nvjitlink-cu12 (37.4MiB)
Downloading nvidia-cusparse-cu12 (274.9MiB)
Downloading nvidia-cuda-nvrtc-cu12 (84.0MiB)
Downloading cuda-bindings (11.6MiB)
 Downloaded nvidia-cufile-cu12
 Downloaded hf-xet
 Downloaded pygments
 Downloaded pillow
 Downloaded nvidia-cuda-cupti-cu12
 Downloaded torchvision
 Downloaded cuda-bindings
 Downloaded networkx
 Downloaded nvidia-nvjitlink-cu12
 Downloaded numpy
 Downloaded nvidia-curand-cu12
 Downloaded sympy
 Downloaded nvidia-cuda-nvrtc-cu12
 Downloaded nvidia-nvshmem-cu12
 Downloaded triton
 Downloaded nvidia-nccl-cu12
 Downloaded nvidia-cufft-cu12
 Downloaded nvidia-cusparselt-cu12
 Downloaded nvidia-cusolver-cu12
 Downloaded nvidia-cusparse-cu12
 Downloaded nvidia-cudnn-cu12
 Downloaded nvidia-cublas-cu12
Downloading torch (782.3MiB)
Downloading torch (782.3MiB)
Downloading torch (782.3MiB)
 Downloaded torch
Prepared 54 packages in 4m 41s
Installed 54 packages in 1m 00s
 + accelerate==1.13.0
 + annotated-doc==0.0.4
 + anyio==4.13.0
 + certifi==2022.12.7
 + click==8.3.2
 + cuda-bindings==12.9.4
 + cuda-pathfinder==1.2.2
 + cuda-toolkit==12.8.1
 + filelock==3.25.2
 + fsspec==2026.2.0
 + h11==0.16.0
 + hf-xet==1.4.3
 + httpcore==1.0.9
 + httpx==0.28.1
 + huggingface-hub==1.10.1
 + idna==3.4
 + jinja2==3.1.6
 + markdown-it-py==4.0.0
 + markupsafe==3.0.3
 + mdurl==0.1.2
 + mpmath==1.3.0
 + networkx==3.6.1
 + numpy==2.2.6
 + nvidia-cublas-cu12==12.8.4.1
 + nvidia-cuda-cupti-cu12==12.8.90
 + nvidia-cuda-nvrtc-cu12==12.8.93
 + nvidia-cuda-runtime-cu12==12.8.90
 + nvidia-cudnn-cu12==9.19.0.56
 + nvidia-cufft-cu12==11.3.3.83
 + nvidia-cufile-cu12==1.13.1.3
 + nvidia-curand-cu12==10.3.9.90
 + nvidia-cusolver-cu12==11.7.3.90
 + nvidia-cusparse-cu12==12.5.8.93
 + nvidia-cusparselt-cu12==0.7.1
 + nvidia-nccl-cu12==2.28.9
 + nvidia-nvjitlink-cu12==12.8.93
 + nvidia-nvshmem-cu12==3.4.5
 + nvidia-nvtx-cu12==12.8.90
 + packaging==24.1
 + pillow==12.1.1
 + psutil==7.2.2
 + pygments==2.20.0
 + pyyaml==6.0.3
 + rich==14.3.3
 + safetensors==0.7.0
 + setuptools==70.2.0
 + shellingham==1.5.4
 + sympy==1.14.0
 + torch==2.11.0+cu128
 + torchvision==0.26.0+cu128
 + tqdm==4.66.5
 + triton==3.6.0
 + typer==0.24.1
 + typing-extensions==4.15.0
