========================================
SLURM Job ID: 2622754
Running on node: gx08
Start time: Wed Oct  7 10:51:48 PM CEST 2026
========================================

=== GPU Allocation Check ===
Wed Oct  7 22:51:48 2026       
+-----------------------------------------------------------------------------------------+
| NVIDIA-SMI 590.48.01              Driver Version: 590.48.01      CUDA Version: 13.1     |
+-----------------------------------------+------------------------+----------------------+
| GPU  Name                 Persistence-M | Bus-Id          Disp.A | Volatile Uncorr. ECC |
| Fan  Temp   Perf          Pwr:Usage/Cap |           Memory-Usage | GPU-Util  Compute M. |
|                                         |                        |               MIG M. |
|=========================================+========================+======================|
|   0  NVIDIA H100 80GB HBM3          On  |   00000000:D1:00.0 Off |                    0 |
| N/A   37C    P0             72W /  700W |       0MiB /  81559MiB |      0%      Default |
|                                         |                        |             Disabled |
+-----------------------------------------+------------------------+----------------------+

+-----------------------------------------------------------------------------------------+
| Processes:                                                                              |
|  GPU   GI   CI              PID   Type   Process name                        GPU Memory |
|        ID   ID                                                               Usage      |
|=========================================================================================|
|  No running processes found                                                             |
+-----------------------------------------------------------------------------------------+

=== GPU check from Python ===
CUDA is available!
Device count: 1
Device name:  NVIDIA H100 80GB HBM3
Memory:       85.0 GB

========================================
Job finished!
End time: Wed Oct  7 10:51:55 PM CEST 2026
Runtime: 7s
========================================
